
> react-vite-tailwind@0.0.0 build
> vite build

[36mvite v7.2.4 [32mbuilding client environment for production...[36m[39m
transforming...
[32mÔ£ô[39m 2243 modules transformed.
rendering chunks...
computing gzip size...
[2mdist/[22m[32mindex.html                                                [39m[1m[2m  1.89 kB[22m[1m[22m[2m Ôöé gzip:  0.78 kB[22m
[2mdist/[22m[32massets/gomz-nZRfV1vJ.png                                  [39m[1m[2m  4.43 kB[22m[1m[22m
[2mdist/[22m[32massets/lomo-CF7goRxM.png                                  [39m[1m[2m  5.29 kB[22m[1m[22m
[2mdist/[22m[32massets/canon-DQAa65n8.png                                 [39m[1m[2m  8.29 kB[22m[1m[22m
[2mdist/[22m[32massets/fed-CLJzgQKY.png                                   [39m[1m[2m 10.96 kB[22m[1m[22m
[2mdist/[22m[32massets/yashica-D8UA16L9.png                               [39m[1m[2m 11.95 kB[22m[1m[22m
[2mdist/[22m[32massets/kmz-DcXndy9v.png                                   [39m[1m[2m 13.75 kB[22m[1m[22m
[2mdist/[22m[32massets/vilnius-DuS6T1Zt.png                               [39m[1m[2m 14.38 kB[22m[1m[22m
[2mdist/[22m[32massets/vivitar-D1D9UiEX.png                               [39m[1m[2m 14.48 kB[22m[1m[22m
[2mdist/[22m[32massets/agfa-_HWPIEbu.png                                  [39m[1m[2m 18.61 kB[22m[1m[22m
[2mdist/[22m[32massets/favicon-DnPv8Mm-.png                               [39m[1m[2m 25.94 kB[22m[1m[22m
[2mdist/[22m[32massets/street (39)-CjLG7FTw.jpg                           [39m[1m[2m 45.01 kB[22m[1m[22m
[2mdist/[22m[32massets/iskra-4-DMlzojAt.webp                              [39m[1m[2m 46.64 kB[22m[1m[22m
[2mdist/[22m[32massets/yashicaflex-b-4-ChIKbLZi.webp                      [39m[1m[2m 50.84 kB[22m[1m[22m
[2mdist/[22m[32massets/exakta-DxYIlsm0.png                                [39m[1m[2m 58.18 kB[22m[1m[22m
[2mdist/[22m[32massets/street (24)-T0KdHgqR.jpg                           [39m[1m[2m 61.14 kB[22m[1m[22m
[2mdist/[22m[32massets/street (6)-BDb91vDs.jpg                            [39m[1m[2m 69.95 kB[22m[1m[22m
[2mdist/[22m[32massets/street (36)-COHF2AE_.jpg                           [39m[1m[2m 70.95 kB[22m[1m[22m
[2mdist/[22m[32massets/fed-nkvd-1935-5-DckWpr9q.webp                      [39m[1m[2m 71.57 kB[22m[1m[22m
[2mdist/[22m[32massets/street (10)-DD4WxObK.jpg                           [39m[1m[2m 74.86 kB[22m[1m[22m
[2mdist/[22m[32massets/street (18)-8LzfoNyP.jpg                           [39m[1m[2m 75.64 kB[22m[1m[22m
[2mdist/[22m[32massets/street (34)-iWHAi-6y.jpg                           [39m[1m[2m 77.13 kB[22m[1m[22m
[2mdist/[22m[32massets/street (17)-Bue7TtB_.jpg                           [39m[1m[2m 77.54 kB[22m[1m[22m
[2mdist/[22m[32massets/street (33)-CsHIiUiR.jpg                           [39m[1m[2m 79.63 kB[22m[1m[22m
[2mdist/[22m[32massets/newlogo-BAzw1TDt.png                               [39m[1m[2m 80.14 kB[22m[1m[22m
[2mdist/[22m[32massets/iskra-2-ChLMDIcE.webp                              [39m[1m[2m 80.73 kB[22m[1m[22m
[2mdist/[22m[32massets/fed-nkvd-1935-4-Ctlr8vS6.webp                      [39m[1m[2m 80.82 kB[22m[1m[22m
[2mdist/[22m[32massets/pentacon-CiAWnH5H.png                              [39m[1m[2m 81.11 kB[22m[1m[22m
[2mdist/[22m[32massets/street (35)-Cpg9BHXz.jpg                           [39m[1m[2m 85.16 kB[22m[1m[22m
[2mdist/[22m[32massets/zomz-BMh5qGxs.png                                  [39m[1m[2m 86.21 kB[22m[1m[22m
[2mdist/[22m[32massets/street (31)-C7Gqy9SF.jpg                           [39m[1m[2m 88.66 kB[22m[1m[22m
[2mdist/[22m[32massets/street (29)-ZhaiMVpu.jpg                           [39m[1m[2m 90.67 kB[22m[1m[22m
[2mdist/[22m[32massets/street (27)-i06VeGGh.jpg                           [39m[1m[2m 92.49 kB[22m[1m[22m
[2mdist/[22m[32massets/street (41)-TscpLgQc.jpg                           [39m[1m[2m 94.01 kB[22m[1m[22m
[2mdist/[22m[32massets/yashicaflex-b-3-BhRXctLu.webp                      [39m[1m[2m 94.92 kB[22m[1m[22m
[2mdist/[22m[32massets/street (13)-Y-43FKaG.jpg                           [39m[1m[2m 95.46 kB[22m[1m[22m
[2mdist/[22m[32massets/street (8)-CQH6Sy17.jpg                            [39m[1m[2m 96.81 kB[22m[1m[22m
[2mdist/[22m[32massets/zorki-3-1951-2-DsMnBd_2.webp                       [39m[1m[2m 99.83 kB[22m[1m[22m
[2mdist/[22m[32massets/street (30)-LAFLmkpo.jpg                           [39m[1m[2m100.74 kB[22m[1m[22m
[2mdist/[22m[32massets/street (9)-BM_XoGjW.jpg                            [39m[1m[2m101.17 kB[22m[1m[22m
[2mdist/[22m[32massets/canon-fx-1964-2-CJK7v5i-.webp                      [39m[1m[2m102.52 kB[22m[1m[22m
[2mdist/[22m[32massets/street (19)-DRaFj_zw.jpg                           [39m[1m[2m103.13 kB[22m[1m[22m
[2mdist/[22m[32massets/zeissJena-MS-4jVZG.png                             [39m[1m[2m103.52 kB[22m[1m[22m
[2mdist/[22m[32massets/street (21)-BvMh6dM-.jpg                           [39m[1m[2m103.92 kB[22m[1m[22m
[2mdist/[22m[32massets/fed-3-1961-2-AUIy50MP.webp                         [39m[1m[2m104.81 kB[22m[1m[22m
[2mdist/[22m[32massets/jupiter-11-1-BlSQNrxj.webp                         [39m[1m[2m104.94 kB[22m[1m[22m
[2mdist/[22m[32massets/street (7)-b9D0Ui6L.jpg                            [39m[1m[2m104.94 kB[22m[1m[22m
[2mdist/[22m[32massets/jupiter-11-slr-1-Cn7GVY3K.webp                     [39m[1m[2m109.09 kB[22m[1m[22m
[2mdist/[22m[32massets/street (32)-qsA2gb57.jpg                           [39m[1m[2m110.56 kB[22m[1m[22m
[2mdist/[22m[32massets/exakta-vx1000-2-oG0DJ1Ja.webp                      [39m[1m[2m112.63 kB[22m[1m[22m
[2mdist/[22m[32massets/pentacon-50mm-f18-m42-2-D99dUAmG.webp              [39m[1m[2m112.73 kB[22m[1m[22m
[2mdist/[22m[32massets/street (22)-DyS3hKX4.jpg                           [39m[1m[2m112.96 kB[22m[1m[22m
[2mdist/[22m[32massets/street (42)-BsVkoe1J.jpg                           [39m[1m[2m115.17 kB[22m[1m[22m
[2mdist/[22m[32massets/contax-f-1956-2-ciJRdnyw.webp                      [39m[1m[2m116.41 kB[22m[1m[22m
[2mdist/[22m[32massets/lubitel-1949-2-C_OSNRE_.webp                       [39m[1m[2m118.46 kB[22m[1m[22m
[2mdist/[22m[32massets/street (4)-C3KI1Ula.jpg                            [39m[1m[2m120.32 kB[22m[1m[22m
[2mdist/[22m[32massets/street (38)-Dvq5RaOW.jpg                           [39m[1m[2m121.53 kB[22m[1m[22m
[2mdist/[22m[32massets/jupiter-11-kiev-contax-1-CWVDIXmf.webp             [39m[1m[2m124.37 kB[22m[1m[22m
[2mdist/[22m[32massets/zeissIkon-Cyh5WPCw.png                             [39m[1m[2m125.86 kB[22m[1m[22m
[2mdist/[22m[32massets/lomo-lc-a-3-NUTeWKR1.jpg                           [39m[1m[2m126.52 kB[22m[1m[22m
[2mdist/[22m[32massets/street (44)-rRg0IA6N.jpg                           [39m[1m[2m126.80 kB[22m[1m[22m
[2mdist/[22m[32massets/zeiss-ikon-contaflex-1953-3-DpS9OSEt.jpg           [39m[1m[2m127.46 kB[22m[1m[22m
[2mdist/[22m[32massets/yashicaflex-b-2-DOVb58VE.webp                      [39m[1m[2m127.83 kB[22m[1m[22m
[2mdist/[22m[32massets/street (48)-CYQWPjat.jpg                           [39m[1m[2m127.92 kB[22m[1m[22m
[2mdist/[22m[32massets/yashicaflex-b-1-1PkuaFlt.webp                      [39m[1m[2m128.52 kB[22m[1m[22m
[2mdist/[22m[32massets/street (20)-CEpGfgBW.jpg                           [39m[1m[2m128.85 kB[22m[1m[22m
[2mdist/[22m[32massets/street (25)-CtZPqR0R.jpg                           [39m[1m[2m129.04 kB[22m[1m[22m
[2mdist/[22m[32massets/fed-nkvd-1935-2-Be4yQWwS.webp                      [39m[1m[2m129.52 kB[22m[1m[22m
[2mdist/[22m[32massets/m42-vorsatz-soviet-macro-bellows-1-BNMGk7C2.jpg    [39m[1m[2m129.75 kB[22m[1m[22m
[2mdist/[22m[32massets/yashica-ye-1959-2-CEmDppKb.webp                    [39m[1m[2m130.49 kB[22m[1m[22m
[2mdist/[22m[32massets/lomo-lc-a-1-_4qogDZ1.jpg                           [39m[1m[2m131.11 kB[22m[1m[22m
[2mdist/[22m[32massets/street (26)-BzJqUEct.jpg                           [39m[1m[2m131.12 kB[22m[1m[22m
[2mdist/[22m[32massets/street (23)-C0sTl7YU.jpg                           [39m[1m[2m133.10 kB[22m[1m[22m
[2mdist/[22m[32massets/zeiss-ikon-contaflex-1953-1-kDU49Qh9.jpg           [39m[1m[2m135.45 kB[22m[1m[22m
[2mdist/[22m[32massets/carl-zeiss-werra-1954-2-DfVdlxje.webp              [39m[1m[2m136.27 kB[22m[1m[22m
[2mdist/[22m[32massets/4-DDcTvI5w.jpg                                     [39m[1m[2m136.95 kB[22m[1m[22m
[2mdist/[22m[32massets/carl-zeiss-ikon-ikonta-521-2-CF9fO9rF.webp         [39m[1m[2m137.21 kB[22m[1m[22m
[2mdist/[22m[32massets/street (14)-DDAE514w.jpg                           [39m[1m[2m137.39 kB[22m[1m[22m
[2mdist/[22m[32massets/m42-vorsatz-soviet-macro-bellows-2-DAoT90mP.jpg    [39m[1m[2m137.49 kB[22m[1m[22m
[2mdist/[22m[32massets/jupiter-11-slr-2-BYI8SnSg.webp                     [39m[1m[2m139.88 kB[22m[1m[22m
[2mdist/[22m[32massets/zeiss-ikon-contaflex-1953-2-C_OinXkS.jpg           [39m[1m[2m139.89 kB[22m[1m[22m
[2mdist/[22m[32massets/zenitar-m-50mm-f17-m42-2-Dz9DnQW6.webp             [39m[1m[2m140.89 kB[22m[1m[22m
[2mdist/[22m[32massets/jupiter-11-2-Bt7G-h-K.webp                         [39m[1m[2m141.94 kB[22m[1m[22m
[2mdist/[22m[32massets/jupiter-9-3-CvRfpO7g.webp                          [39m[1m[2m142.38 kB[22m[1m[22m
[2mdist/[22m[32massets/lubitel-1949-1-4NkAuHNw.webp                       [39m[1m[2m142.83 kB[22m[1m[22m
[2mdist/[22m[32massets/fed-1g-1949-2-gaK5pZyR.webp                        [39m[1m[2m144.29 kB[22m[1m[22m
[2mdist/[22m[32massets/street (37)-mzNHdTG7.jpg                           [39m[1m[2m145.51 kB[22m[1m[22m
[2mdist/[22m[32massets/agfa-karat-36-50mm-f2-1948-2-sUwrcrfQ.webp         [39m[1m[2m147.93 kB[22m[1m[22m
[2mdist/[22m[32massets/street (12)-BaLSnzY-.jpg                           [39m[1m[2m149.61 kB[22m[1m[22m
[2mdist/[22m[32massets/street (47)-DScBpmwU.jpg                           [39m[1m[2m150.47 kB[22m[1m[22m
[2mdist/[22m[32massets/jupiter-12-2-SFlI2aCK.webp                         [39m[1m[2m152.07 kB[22m[1m[22m
[2mdist/[22m[32massets/jupiter-12-1-DKrhbLU1.webp                         [39m[1m[2m152.63 kB[22m[1m[22m
[2mdist/[22m[32massets/canon-fx-1964-1-CoE6Q0S3.webp                      [39m[1m[2m153.06 kB[22m[1m[22m
[2mdist/[22m[32massets/soviet-lens-caps-1-FMnwYO6I.jpg                    [39m[1m[2m156.25 kB[22m[1m[22m
[2mdist/[22m[32massets/street (2)-BNb78OM1.jpg                            [39m[1m[2m156.69 kB[22m[1m[22m
[2mdist/[22m[32massets/m42-vorsatz-soviet-macro-bellows-3-B0ykygeu.jpg    [39m[1m[2m156.82 kB[22m[1m[22m
[2mdist/[22m[32massets/street (46)-Cs-vHKXa.jpg                           [39m[1m[2m159.93 kB[22m[1m[22m
[2mdist/[22m[32massets/various-adapters-1-xYmzovSW.jpg                    [39m[1m[2m161.00 kB[22m[1m[22m
[2mdist/[22m[32massets/street (28)-DCE-IogY.jpg                           [39m[1m[2m161.15 kB[22m[1m[22m
[2mdist/[22m[32massets/street (1)-LXJo3ir8.jpg                            [39m[1m[2m161.85 kB[22m[1m[22m
[2mdist/[22m[32massets/jupiter-12-3-C6sN_7Je.webp                         [39m[1m[2m162.19 kB[22m[1m[22m
[2mdist/[22m[32massets/8-nj4EPeDr.jpg                                     [39m[1m[2m162.25 kB[22m[1m[22m
[2mdist/[22m[32massets/exakta-vx1000-1-DcEIK8rd.webp                      [39m[1m[2m163.94 kB[22m[1m[22m
[2mdist/[22m[32massets/kmz-l-5-loupe-viewer-2-ydxfaYGU.jpg                [39m[1m[2m164.54 kB[22m[1m[22m
[2mdist/[22m[32massets/exakta-vx1000-3-D5Dq7RYe.webp                      [39m[1m[2m166.52 kB[22m[1m[22m
[2mdist/[22m[32massets/jupiter-9-4-q_UudsZG.webp                          [39m[1m[2m167.16 kB[22m[1m[22m
[2mdist/[22m[32massets/agfa-karat-36-50mm-f2-1948-1-BcoevJVJ.webp         [39m[1m[2m167.45 kB[22m[1m[22m
[2mdist/[22m[32massets/jupiter-9-1-CfP36R1A.webp                          [39m[1m[2m167.50 kB[22m[1m[22m
[2mdist/[22m[32massets/lomo-lc-a-2-CV_72EHU.jpg                           [39m[1m[2m169.28 kB[22m[1m[22m
[2mdist/[22m[32massets/16-BDk1iN73.jpg                                    [39m[1m[2m170.52 kB[22m[1m[22m
[2mdist/[22m[32massets/exakta-waist-level-finder-2-B7OIRV98.jpg           [39m[1m[2m170.84 kB[22m[1m[22m
[2mdist/[22m[32massets/street (11)-DmtNYfFq.jpg                           [39m[1m[2m171.80 kB[22m[1m[22m
[2mdist/[22m[32massets/iskra-1-DfV_vbkE.webp                              [39m[1m[2m171.85 kB[22m[1m[22m
[2mdist/[22m[32massets/jupiter-9-2-DV62fCwD.webp                          [39m[1m[2m173.74 kB[22m[1m[22m
[2mdist/[22m[32massets/kmz-l-5-loupe-viewer-1-C9z0AsHQ.jpg                [39m[1m[2m173.79 kB[22m[1m[22m
[2mdist/[22m[32massets/m39-m42-extension-tubes-1-Djyw6iL0.jpg             [39m[1m[2m174.95 kB[22m[1m[22m
[2mdist/[22m[32massets/street (16)-Coa30KIZ.jpg                           [39m[1m[2m176.51 kB[22m[1m[22m
[2mdist/[22m[32massets/carl-zeiss-werra-1954-1-C5OSZnl0.webp              [39m[1m[2m177.22 kB[22m[1m[22m
[2mdist/[22m[32massets/carl-zeiss-ikon-ikonta-521-1-C40osuRd.webp         [39m[1m[2m177.55 kB[22m[1m[22m
[2mdist/[22m[32massets/kmz-l-5-loupe-viewer-3-CLkZCIko.jpg                [39m[1m[2m178.13 kB[22m[1m[22m
[2mdist/[22m[32massets/contax-f-1956-4-CMa2GIle.webp                      [39m[1m[2m180.23 kB[22m[1m[22m
[2mdist/[22m[32massets/contax-f-1956-1-BrqOsLp3.webp                      [39m[1m[2m181.64 kB[22m[1m[22m
[2mdist/[22m[32massets/mir-1-37mm-f28-brussels-grand-prix-3-Dr703_co.jpg  [39m[1m[2m183.13 kB[22m[1m[22m
[2mdist/[22m[32massets/iskra-5-DPZyBN2P.webp                              [39m[1m[2m183.34 kB[22m[1m[22m
[2mdist/[22m[32massets/iskra-3-CX3sLjQ5.webp                              [39m[1m[2m185.83 kB[22m[1m[22m
[2mdist/[22m[32massets/7-BLho-_Zt.jpg                                     [39m[1m[2m189.14 kB[22m[1m[22m
[2mdist/[22m[32massets/street (43)-CwZ2FIbP.jpg                           [39m[1m[2m190.30 kB[22m[1m[22m
[2mdist/[22m[32massets/street (5)--HecRjwf.jpg                            [39m[1m[2m191.72 kB[22m[1m[22m
[2mdist/[22m[32massets/mir-1-37mm-f28-brussels-grand-prix-2-Cem12K6f.jpg  [39m[1m[2m192.53 kB[22m[1m[22m
[2mdist/[22m[32massets/various-adapters-2-b9Hj_uk2.jpg                    [39m[1m[2m192.95 kB[22m[1m[22m
[2mdist/[22m[32massets/mini-tripod-clamp-fed-3-8-1-DfNb7BKK.jpg           [39m[1m[2m196.54 kB[22m[1m[22m
[2mdist/[22m[32massets/prints (4)-CUbbI2Ws.jpg                            [39m[1m[2m196.65 kB[22m[1m[22m
[2mdist/[22m[32massets/jupiter-11-kiev-contax-2-CsYso8Rh.webp             [39m[1m[2m200.08 kB[22m[1m[22m
[2mdist/[22m[32massets/street (3)-C7JcONVk.jpg                            [39m[1m[2m200.69 kB[22m[1m[22m
[2mdist/[22m[32massets/mini-tripod-clamp-fed-3-8-2-CPik0JuL.jpg           [39m[1m[2m201.00 kB[22m[1m[22m
[2mdist/[22m[32massets/exakta-waist-level-finder-3-CQnjynUy.jpg           [39m[1m[2m202.30 kB[22m[1m[22m
[2mdist/[22m[32massets/mir-1-37mm-f28-brussels-grand-prix-1-BVBw2Lx4.jpg  [39m[1m[2m202.57 kB[22m[1m[22m
[2mdist/[22m[32massets/m39-m42-extension-tubes-2-DqC4W1MW.jpg             [39m[1m[2m205.66 kB[22m[1m[22m
[2mdist/[22m[32massets/vivitar-21mm-f38-om-2-bdj4qdTl.webp                [39m[1m[2m208.93 kB[22m[1m[22m
[2mdist/[22m[32massets/fed-nkvd-1935-3-O20Gwo8k.webp                      [39m[1m[2m209.46 kB[22m[1m[22m
[2mdist/[22m[32massets/prints (7)-DqBQxlor.jpg                            [39m[1m[2m209.50 kB[22m[1m[22m
[2mdist/[22m[32massets/fed-3-1961-1-D5rcuryZ.webp                         [39m[1m[2m210.14 kB[22m[1m[22m
[2mdist/[22m[32massets/exakta-waist-level-finder-1-3nNfAMSh.jpg           [39m[1m[2m213.48 kB[22m[1m[22m
[2mdist/[22m[32massets/non-soviet-lens-caps-1-CbiWBjaU.jpg                [39m[1m[2m214.34 kB[22m[1m[22m
[2mdist/[22m[32massets/zorki-3-1951-1-B63hXqoO.webp                       [39m[1m[2m214.93 kB[22m[1m[22m
[2mdist/[22m[32massets/m39-m42-extension-tubes-3-C6enyJ12.jpg             [39m[1m[2m215.44 kB[22m[1m[22m
[2mdist/[22m[32massets/3-B8qjTaau.jpg                                     [39m[1m[2m218.42 kB[22m[1m[22m
[2mdist/[22m[32massets/yashica-ye-1959-1-CT1QyOZd.webp                    [39m[1m[2m221.98 kB[22m[1m[22m
[2mdist/[22m[32massets/mini-tripod-clamp-fed-3-8-3-CvUwQZNO.jpg           [39m[1m[2m222.53 kB[22m[1m[22m
[2mdist/[22m[32massets/m39-m42-extension-tubes-4-BasX604W.jpg             [39m[1m[2m223.90 kB[22m[1m[22m
[2mdist/[22m[32massets/contax-f-1956-3-DQixEKdo.webp                      [39m[1m[2m228.73 kB[22m[1m[22m
[2mdist/[22m[32massets/15-BSOu7GwU.jpg                                    [39m[1m[2m231.70 kB[22m[1m[22m
[2mdist/[22m[32massets/zenitar-m-50mm-f17-m42-1-BaTLbiSq.webp             [39m[1m[2m237.69 kB[22m[1m[22m
[2mdist/[22m[32massets/prints (8)-BSXHvJE9.jpg                            [39m[1m[2m238.02 kB[22m[1m[22m
[2mdist/[22m[32massets/pentacon-50mm-f18-m42-1-COpWD8S3.webp              [39m[1m[2m239.71 kB[22m[1m[22m
[2mdist/[22m[32massets/fed-nkvd-1935-1-BjvzlpFi.webp                      [39m[1m[2m245.70 kB[22m[1m[22m
[2mdist/[22m[32massets/5-Cr7JiZdH.jpg                                     [39m[1m[2m246.51 kB[22m[1m[22m
[2mdist/[22m[32massets/fed-1g-1949-3-HhdUN2Y8.webp                        [39m[1m[2m248.57 kB[22m[1m[22m
[2mdist/[22m[32massets/18-CleOQ4sO.jpg                                    [39m[1m[2m251.42 kB[22m[1m[22m
[2mdist/[22m[32massets/6-1l5fgMW_.jpg                                     [39m[1m[2m255.96 kB[22m[1m[22m
[2mdist/[22m[32massets/articles (3)-C8fPM76y.jpg                          [39m[1m[2m265.39 kB[22m[1m[22m
[2mdist/[22m[32massets/17-BlPSXyvh.jpg                                    [39m[1m[2m266.77 kB[22m[1m[22m
[2mdist/[22m[32massets/fed-1g-1949-1-BsXMtxMq.webp                        [39m[1m[2m270.48 kB[22m[1m[22m
[2mdist/[22m[32massets/street (15)-CQr-Jwad.jpg                           [39m[1m[2m271.22 kB[22m[1m[22m
[2mdist/[22m[32massets/kmz-pocket-loupe-4x-3-BpQWC9bY.jpg                 [39m[1m[2m272.18 kB[22m[1m[22m
[2mdist/[22m[32massets/28-BlqPPFsW.jpg                                    [39m[1m[2m274.73 kB[22m[1m[22m
[2mdist/[22m[32massets/vivitar-21mm-f38-om-1-cdFU5sW5.webp                [39m[1m[2m282.56 kB[22m[1m[22m
[2mdist/[22m[32massets/kmz-pocket-loupe-4x-1-Dc_ZT8fI.jpg                 [39m[1m[2m285.81 kB[22m[1m[22m
[2mdist/[22m[32massets/kmz-pocket-loupe-4x-2-BTMBix5k.jpg                 [39m[1m[2m290.13 kB[22m[1m[22m
[2mdist/[22m[32massets/1-ClHKWz_n.jpg                                     [39m[1m[2m300.68 kB[22m[1m[22m
[2mdist/[22m[32massets/11-Czhe3j6u.jpg                                    [39m[1m[2m306.04 kB[22m[1m[22m
[2mdist/[22m[32massets/_MG_6984-9UEh9GHM.jpg                              [39m[1m[2m308.96 kB[22m[1m[22m
[2mdist/[22m[32massets/prints (9)-Co2BObpH.jpg                            [39m[1m[2m311.23 kB[22m[1m[22m
[2mdist/[22m[32massets/kiev-ii-jupiter-3-50mm-f15-3-DuuRu3bH.jpg          [39m[1m[2m311.59 kB[22m[1m[22m
[2mdist/[22m[32massets/kiev-ii-jupiter-3-50mm-f15-4-DGMCO_TS.jpg          [39m[1m[2m320.09 kB[22m[1m[22m
[2mdist/[22m[32massets/kiev-ii-jupiter-3-50mm-f15-2-DmvEOboz.jpg          [39m[1m[2m321.43 kB[22m[1m[22m
[2mdist/[22m[32massets/10-DqbdCgoX.jpg                                    [39m[1m[2m323.99 kB[22m[1m[22m
[2mdist/[22m[32massets/street (45)-jWGVg0sZ.jpg                           [39m[1m[2m330.44 kB[22m[1m[22m
[2mdist/[22m[32massets/14-6Y1Eu2jT.jpg                                    [39m[1m[2m331.41 kB[22m[1m[22m
[2mdist/[22m[32massets/_MG_6986-CGJ8fx_T.jpg                              [39m[1m[2m344.30 kB[22m[1m[22m
[2mdist/[22m[32massets/19-BkVCQ9CP.jpg                                    [39m[1m[2m347.66 kB[22m[1m[22m
[2mdist/[22m[32massets/kiev-ii-jupiter-3-50mm-f15-1--WXK_maD.jpg          [39m[1m[2m357.45 kB[22m[1m[22m
[2mdist/[22m[32massets/13-D_EGZCY4.jpg                                    [39m[1m[2m357.78 kB[22m[1m[22m
[2mdist/[22m[32massets/articles (1)-BSNiv0Ni.jpg                          [39m[1m[2m363.34 kB[22m[1m[22m
[2mdist/[22m[32massets/_MG_6987-qSxQMVoV.jpg                              [39m[1m[2m373.66 kB[22m[1m[22m
[2mdist/[22m[32massets/prints (1)-BYmCUNaF.jpg                            [39m[1m[2m374.46 kB[22m[1m[22m
[2mdist/[22m[32massets/12-BJ-AYO7-.jpg                                    [39m[1m[2m387.91 kB[22m[1m[22m
[2mdist/[22m[32massets/31-CeX0Fpwc.jpg                                    [39m[1m[2m391.58 kB[22m[1m[22m
[2mdist/[22m[32massets/prints (3)-CA9ZP7m_.jpg                            [39m[1m[2m401.12 kB[22m[1m[22m
[2mdist/[22m[32massets/29-C1wch4z7.jpg                                    [39m[1m[2m402.10 kB[22m[1m[22m
[2mdist/[22m[32massets/30-DUmCOjgV.jpg                                    [39m[1m[2m410.14 kB[22m[1m[22m
[2mdist/[22m[32massets/_MG_6989-BX_EYyxE.jpg                              [39m[1m[2m414.27 kB[22m[1m[22m
[2mdist/[22m[32massets/prints (2)-BTlswPVz.jpg                            [39m[1m[2m417.84 kB[22m[1m[22m
[2mdist/[22m[32massets/32-B5_Iw6py.jpg                                    [39m[1m[2m427.40 kB[22m[1m[22m
[2mdist/[22m[32massets/23-B-cE946C.jpg                                    [39m[1m[2m432.37 kB[22m[1m[22m
[2mdist/[22m[32massets/24-8n_zPUUe.jpg                                    [39m[1m[2m434.17 kB[22m[1m[22m
[2mdist/[22m[32massets/25-DP3jsdUU.jpg                                    [39m[1m[2m455.53 kB[22m[1m[22m
[2mdist/[22m[32massets/26-BxqIMw_H.jpg                                    [39m[1m[2m462.55 kB[22m[1m[22m
[2mdist/[22m[32massets/20-0XRdzYh2.jpg                                    [39m[1m[2m465.36 kB[22m[1m[22m
[2mdist/[22m[32massets/articles (2)-CBbWhcQY.jpg                          [39m[1m[2m470.35 kB[22m[1m[22m
[2mdist/[22m[32massets/2-DSqpVEOn.jpg                                     [39m[1m[2m474.11 kB[22m[1m[22m
[2mdist/[22m[32massets/21-BKFiNs2e.jpg                                    [39m[1m[2m477.28 kB[22m[1m[22m
[2mdist/[22m[32massets/9-CmI0T0kc.jpg                                     [39m[1m[2m482.37 kB[22m[1m[22m
[2mdist/[22m[32massets/street (40)-9vWj5pXr.jpg                           [39m[1m[2m491.68 kB[22m[1m[22m
[2mdist/[22m[32massets/22-BTzZDIch.jpg                                    [39m[1m[2m525.63 kB[22m[1m[22m
[2mdist/[22m[32massets/27-BjIw3yGM.jpg                                    [39m[1m[2m527.68 kB[22m[1m[22m
[2mdist/[22m[32massets/prints (5)-BK4NSoXH.jpg                            [39m[1m[2m538.94 kB[22m[1m[22m
[2mdist/[22m[32massets/prints (6)-DLlzzItf.jpg                            [39m[1m[2m675.54 kB[22m[1m[22m
[2mdist/[22m[35massets/index-CVOhusXM.css                                 [39m[1m[2m 38.40 kB[22m[1m[22m[2m Ôöé gzip:  7.77 kB[22m
[2mdist/[22m[36massets/StreetPhotographySection-h402jIvz.js               [39m[1m[2m  0.45 kB[22m[1m[22m[2m Ôöé gzip:  0.29 kB[22m
[2mdist/[22m[36massets/PrintsSection-DZORXCHG.js                          [39m[1m[2m  4.06 kB[22m[1m[22m[2m Ôöé gzip:  1.77 kB[22m
[2mdist/[22m[36massets/PortfolioSection-nidJ6rQ4.js                       [39m[1m[2m  4.15 kB[22m[1m[22m[2m Ôöé gzip:  1.71 kB[22m
[2mdist/[22m[36massets/ContactSection-C8O_Dzx0.js                         [39m[1m[2m  4.65 kB[22m[1m[22m[2m Ôöé gzip:  1.98 kB[22m
[2mdist/[22m[36massets/ArticlesSection-CAte1mwT.js                        [39m[1m[2m  5.78 kB[22m[1m[22m[2m Ôöé gzip:  1.90 kB[22m
[2mdist/[22m[36massets/GearSection-BKF_giyQ.js                            [39m[1m[2m 25.77 kB[22m[1m[22m[2m Ôöé gzip: 10.68 kB[22m
[2mdist/[22m[36massets/vendor-DezWU7ii.js                                 [39m[1m[2m141.97 kB[22m[1m[22m[2m Ôöé gzip: 47.24 kB[22m
[2mdist/[22m[36massets/index-CCUsSeKl.js                                  [39m[1m[2m249.53 kB[22m[1m[22m[2m Ôöé gzip: 77.19 kB[22m
[32mÔ£ô built in 3.62s[39m
